File "lib.mli", line 20, characters 44-52:
Warning: unsupported old operator. The clause has not been translated
